// Jest Snapshot v1, https://goo.gl/fbAQLP

exports[`should render the Header component correctly 1`] = `
<header>
  <Row
    bsClass="row"
    componentClass="div"
  >
    <Col
      bsClass="col"
      componentClass="div"
      xs={12}
    />
  </Row>
</header>
`;
