// Jest Snapshot v1, https://goo.gl/fbAQLP

exports[`should render the Loading component correctly 1`] = `
<div
  className="loading"
>
  <FontAwesome
    name="refresh"
    size="4x"
    spin={true}
  />
  <span
    className="sr-only"
  >
    Loading...
  </span>
</div>
`;
