// Jest Snapshot v1, https://goo.gl/fbAQLP

exports[`should render the Skills component correctly 1`] = `
<Col
  bsClass="col"
  componentClass="div"
  md={6}
>
  <h3>
    Skills
  </h3>
  <ul
    className="member-info inline"
  >
    <li
      key="0"
    >
      react
    </li>
  </ul>
</Col>
`;
